c:\python_training\linproject3.8\linproj\launcherdll\release\launcherdll.pch
c:\python_training\linproject3.8\linproj\launcherdll\release\vc143.pdb
c:\python_training\linproject3.8\linproj\launcherdll\release\stdafx.obj
c:\python_training\linproject3.8\linproj\launcherdll\release\launcherdll.obj
c:\python_training\linproject3.8\linproj\launcherdll\release\helperdlg.obj
c:\python_training\linproject3.8\linproj\launcherdll\release\sharememory.obj
c:\python_training\linproject3.8\linproj\launcherdll\release\configenc.obj
c:\python_training\linproject3.8\linproj\launcherdll\release\aes.obj
c:\python_training\linproject3.8\linproj\launcherdll\release\encdec.obj
c:\python_training\linproject3.8\linproj\launcherdll\release\dllmain.obj
c:\python_training\linproject3.8\linproj\release\launcherdll.dll
c:\python_training\linproject3.8\linproj\launcherdll\release\launcherdll.res
c:\python_training\linproject3.8\linproj\release\launcherdll.lib
c:\python_training\linproject3.8\linproj\release\launcherdll.exp
c:\python_training\linproject3.8\linproj\launcherdll\release\launcherdll.ipdb
c:\python_training\linproject3.8\linproj\launcherdll\release\launcherdll.iobj
c:\python_training\linproject3.8\linproj\launcherdll\release\launcherdll.tlog\cl.command.1.tlog
c:\python_training\linproject3.8\linproj\launcherdll\release\launcherdll.tlog\cl.items.tlog
c:\python_training\linproject3.8\linproj\launcherdll\release\launcherdll.tlog\cl.read.1.tlog
c:\python_training\linproject3.8\linproj\launcherdll\release\launcherdll.tlog\cl.write.1.tlog
c:\python_training\linproject3.8\linproj\launcherdll\release\launcherdll.tlog\link.command.1.tlog
c:\python_training\linproject3.8\linproj\launcherdll\release\launcherdll.tlog\link.read.1.tlog
c:\python_training\linproject3.8\linproj\launcherdll\release\launcherdll.tlog\link.secondary.1.tlog
c:\python_training\linproject3.8\linproj\launcherdll\release\launcherdll.tlog\link.write.1.tlog
c:\python_training\linproject3.8\linproj\launcherdll\release\launcherdll.tlog\rc.command.1.tlog
c:\python_training\linproject3.8\linproj\launcherdll\release\launcherdll.tlog\rc.read.1.tlog
c:\python_training\linproject3.8\linproj\launcherdll\release\launcherdll.tlog\rc.write.1.tlog
