.NET Framework ??MSBuild ? 17.14.23+b0019275e
撌脩???撱箇蔭??2026/4/1 銝? 09:28:56??

蝭暺?1 (Rebuild ?格?) 銝?撠? "c:\python_training\LauncherWPF381\LinProj\LauncherDll\LauncherDll.vcxproj"??
_PrepareForClean:
  甇??芷瑼? "Release\LauncherDll.tlog\LauncherDll.lastbuildstate"??
PrepareForBuild:
  蝯??撓?箏歇??楊霅臬閮箸?撘?撠??隤日?撅扎??閰喟敦鞈?嚗?? https://aka.ms/cpp/structured-output??
InitializeBuildStatus:
  甇?霈???唾? "Release\LauncherDll.tlog\unsuccessfulbuild"??
ClCompile:
  C:\Program Files\Microsoft Visual Studio\2022\Community\VC\Tools\MSVC\14.44.35207\bin\HostX86\x86\CL.exe /c /Ic:\python_training\LauncherWPF381\LinProj\LauncherDll\ /I../../../LinProj/openssl/include /Zi /nologo /W3 /WX- /diagnostics:column /O2 /Oi /Oy- /GL /D WIN32 /D NDEBUG /D _WINDOWS /D _USRDLL /D LAUNCHERDLL_EXPORTS /D _WINDLL /D _UNICODE /D UNICODE /Gm- /EHsc /MT /GS /Gy /fp:precise /Zc:wchar_t /Zc:forScope /Zc:inline /Fo"Release\\" /Fd"Release\vc143.pdb" /external:W3 /Gd /TP /analyze- /FC /errorReport:queue /utf-8 aes.cpp configenc.cpp encdec.cpp ShareMemory.cpp HelperDlg.cpp LauncherDll.cpp NakedBloodHook.cpp NakedFlinchHook.cpp NakedLocomotionHook.cpp timeController.cpp
  aes.cpp
  configenc.cpp
c:\python_training\LauncherWPF381\LinProj\LauncherDll\aes.cpp(2,10): error C1083: ?⊥????瑼?: 'openssl/aes.h': No such file or directory [c:\python_training\LauncherWPF381\LinProj\LauncherDll\LauncherDll.vcxproj]
c:\python_training\LauncherWPF381\LinProj\LauncherDll\configenc.cpp(1,1): warning C4335: ?菜葫??Mac 瑼??澆?: 隢???蝔?瑼?? DOS ??UNIX ?澆? [c:\python_training\LauncherWPF381\LinProj\LauncherDll\LauncherDll.vcxproj]
c:\python_training\LauncherWPF381\LinProj\LauncherDll\ShareMemory.h(26,9): warning C4161: #pragma pack(pop...): pop ??桀??? push ?詨?嚗??賢??湧???????[c:\python_training\LauncherWPF381\LinProj\LauncherDll\LauncherDll.vcxproj]
  (蝺刻陌靘?瑼? 'configenc.cpp')
  
c:\python_training\LauncherWPF381\LinProj\LauncherDll\zlib.h(34,10): error C1083: ?⊥????瑼?: 'zconf.h': No such file or directory [c:\python_training\LauncherWPF381\LinProj\LauncherDll\LauncherDll.vcxproj]
  (蝺刻陌靘?瑼? 'configenc.cpp')
  
  encdec.cpp
c:\python_training\LauncherWPF381\LinProj\LauncherDll\encdec.cpp(1,1): warning C4335: ?菜葫??Mac 瑼??澆?: 隢???蝔?瑼?? DOS ??UNIX ?澆? [c:\python_training\LauncherWPF381\LinProj\LauncherDll\LauncherDll.vcxproj]
c:\python_training\LauncherWPF381\LinProj\LauncherDll\ShareMemory.h(26,9): warning C4161: #pragma pack(pop...): pop ??桀??? push ?詨?嚗??賢??湧???????[c:\python_training\LauncherWPF381\LinProj\LauncherDll\LauncherDll.vcxproj]
  (蝺刻陌靘?瑼? 'encdec.cpp')
  
c:\python_training\LauncherWPF381\LinProj\LauncherDll\zlib.h(34,10): error C1083: ?⊥????瑼?: 'zconf.h': No such file or directory [c:\python_training\LauncherWPF381\LinProj\LauncherDll\LauncherDll.vcxproj]
  (蝺刻陌靘?瑼? 'encdec.cpp')
  
  ShareMemory.cpp
c:\python_training\LauncherWPF381\LinProj\LauncherDll\ShareMemory.h(26,9): warning C4161: #pragma pack(pop...): pop ??桀??? push ?詨?嚗??賢??湧???????[c:\python_training\LauncherWPF381\LinProj\LauncherDll\LauncherDll.vcxproj]
  (蝺刻陌靘?瑼? 'ShareMemory.cpp')
  
  HelperDlg.cpp
c:\python_training\LauncherWPF381\LinProj\LauncherDll\HelperDlg.cpp(1,1): warning C4335: ?菜葫??Mac 瑼??澆?: 隢???蝔?瑼?? DOS ??UNIX ?澆? [c:\python_training\LauncherWPF381\LinProj\LauncherDll\LauncherDll.vcxproj]
c:\python_training\LauncherWPF381\LinProj\LauncherDll\ShareMemory.h(26,9): warning C4161: #pragma pack(pop...): pop ??桀??? push ?詨?嚗??賢??湧???????[c:\python_training\LauncherWPF381\LinProj\LauncherDll\LauncherDll.vcxproj]
  (蝺刻陌靘?瑼? 'HelperDlg.cpp')
  
c:\python_training\LauncherWPF381\LinProj\LauncherDll\zlib.h(34,10): error C1083: ?⊥????瑼?: 'zconf.h': No such file or directory [c:\python_training\LauncherWPF381\LinProj\LauncherDll\LauncherDll.vcxproj]
  (蝺刻陌靘?瑼? 'HelperDlg.cpp')
  
  LauncherDll.cpp
c:\python_training\LauncherWPF381\LinProj\LauncherDll\LauncherDll.cpp(1,1): warning C4335: ?菜葫??Mac 瑼??澆?: 隢???蝔?瑼?? DOS ??UNIX ?澆? [c:\python_training\LauncherWPF381\LinProj\LauncherDll\LauncherDll.vcxproj]
c:\python_training\LauncherWPF381\LinProj\LauncherDll\ShareMemory.h(26,9): warning C4161: #pragma pack(pop...): pop ??桀??? push ?詨?嚗??賢??湧???????[c:\python_training\LauncherWPF381\LinProj\LauncherDll\LauncherDll.vcxproj]
  (蝺刻陌靘?瑼? 'LauncherDll.cpp')
  
c:\python_training\LauncherWPF381\LinProj\LauncherDll\zlib.h(34,10): error C1083: ?⊥????瑼?: 'zconf.h': No such file or directory [c:\python_training\LauncherWPF381\LinProj\LauncherDll\LauncherDll.vcxproj]
  (蝺刻陌靘?瑼? 'LauncherDll.cpp')
  
  NakedBloodHook.cpp
  NakedFlinchHook.cpp
  NakedLocomotionHook.cpp
  timeController.cpp
c:\python_training\LauncherWPF381\LinProj\LauncherDll\stdafx.h(1,1): warning C4335: ?菜葫??Mac 瑼??澆?: 隢???蝔?瑼?? DOS ??UNIX ?澆? [c:\python_training\LauncherWPF381\LinProj\LauncherDll\LauncherDll.vcxproj]
  (蝺刻陌靘?瑼? 'timeController.cpp')
  
c:\python_training\LauncherWPF381\LinProj\LauncherDll\ShareMemory.h(26,9): warning C4161: #pragma pack(pop...): pop ??桀??? push ?詨?嚗??賢??湧???????[c:\python_training\LauncherWPF381\LinProj\LauncherDll\LauncherDll.vcxproj]
  (蝺刻陌靘?瑼? 'timeController.cpp')
  
c:\python_training\LauncherWPF381\LinProj\LauncherDll\zlib.h(34,10): error C1083: ?⊥????瑼?: 'zconf.h': No such file or directory [c:\python_training\LauncherWPF381\LinProj\LauncherDll\LauncherDll.vcxproj]
  (蝺刻陌靘?瑼? 'timeController.cpp')
  
撠? "c:\python_training\LauncherWPF381\LinProj\LauncherDll\LauncherDll.vcxproj" (Rebuild ?格?) 撱箇蔭摰? -- 憭望???

撱箇蔭憭望???

"c:\python_training\LauncherWPF381\LinProj\LauncherDll\LauncherDll.vcxproj" (Rebuild ?格?) (1) ->
(ClCompile ?格?) -> 
  c:\python_training\LauncherWPF381\LinProj\LauncherDll\configenc.cpp(1,1): warning C4335: ?菜葫??Mac 瑼??澆?: 隢???蝔?瑼?? DOS ??UNIX ?澆? [c:\python_training\LauncherWPF381\LinProj\LauncherDll\LauncherDll.vcxproj]
  c:\python_training\LauncherWPF381\LinProj\LauncherDll\ShareMemory.h(26,9): warning C4161: #pragma pack(pop...): pop ??桀??? push ?詨?嚗??賢??湧???????[c:\python_training\LauncherWPF381\LinProj\LauncherDll\LauncherDll.vcxproj]
  c:\python_training\LauncherWPF381\LinProj\LauncherDll\encdec.cpp(1,1): warning C4335: ?菜葫??Mac 瑼??澆?: 隢???蝔?瑼?? DOS ??UNIX ?澆? [c:\python_training\LauncherWPF381\LinProj\LauncherDll\LauncherDll.vcxproj]
  c:\python_training\LauncherWPF381\LinProj\LauncherDll\ShareMemory.h(26,9): warning C4161: #pragma pack(pop...): pop ??桀??? push ?詨?嚗??賢??湧???????[c:\python_training\LauncherWPF381\LinProj\LauncherDll\LauncherDll.vcxproj]
  c:\python_training\LauncherWPF381\LinProj\LauncherDll\ShareMemory.h(26,9): warning C4161: #pragma pack(pop...): pop ??桀??? push ?詨?嚗??賢??湧???????[c:\python_training\LauncherWPF381\LinProj\LauncherDll\LauncherDll.vcxproj]
  c:\python_training\LauncherWPF381\LinProj\LauncherDll\HelperDlg.cpp(1,1): warning C4335: ?菜葫??Mac 瑼??澆?: 隢???蝔?瑼?? DOS ??UNIX ?澆? [c:\python_training\LauncherWPF381\LinProj\LauncherDll\LauncherDll.vcxproj]
  c:\python_training\LauncherWPF381\LinProj\LauncherDll\ShareMemory.h(26,9): warning C4161: #pragma pack(pop...): pop ??桀??? push ?詨?嚗??賢??湧???????[c:\python_training\LauncherWPF381\LinProj\LauncherDll\LauncherDll.vcxproj]
  c:\python_training\LauncherWPF381\LinProj\LauncherDll\LauncherDll.cpp(1,1): warning C4335: ?菜葫??Mac 瑼??澆?: 隢???蝔?瑼?? DOS ??UNIX ?澆? [c:\python_training\LauncherWPF381\LinProj\LauncherDll\LauncherDll.vcxproj]
  c:\python_training\LauncherWPF381\LinProj\LauncherDll\ShareMemory.h(26,9): warning C4161: #pragma pack(pop...): pop ??桀??? push ?詨?嚗??賢??湧???????[c:\python_training\LauncherWPF381\LinProj\LauncherDll\LauncherDll.vcxproj]
  c:\python_training\LauncherWPF381\LinProj\LauncherDll\stdafx.h(1,1): warning C4335: ?菜葫??Mac 瑼??澆?: 隢???蝔?瑼?? DOS ??UNIX ?澆? [c:\python_training\LauncherWPF381\LinProj\LauncherDll\LauncherDll.vcxproj]
  c:\python_training\LauncherWPF381\LinProj\LauncherDll\ShareMemory.h(26,9): warning C4161: #pragma pack(pop...): pop ??桀??? push ?詨?嚗??賢??湧???????[c:\python_training\LauncherWPF381\LinProj\LauncherDll\LauncherDll.vcxproj]


"c:\python_training\LauncherWPF381\LinProj\LauncherDll\LauncherDll.vcxproj" (Rebuild ?格?) (1) ->
(ClCompile ?格?) -> 
  c:\python_training\LauncherWPF381\LinProj\LauncherDll\aes.cpp(2,10): error C1083: ?⊥????瑼?: 'openssl/aes.h': No such file or directory [c:\python_training\LauncherWPF381\LinProj\LauncherDll\LauncherDll.vcxproj]
  c:\python_training\LauncherWPF381\LinProj\LauncherDll\zlib.h(34,10): error C1083: ?⊥????瑼?: 'zconf.h': No such file or directory [c:\python_training\LauncherWPF381\LinProj\LauncherDll\LauncherDll.vcxproj]
  c:\python_training\LauncherWPF381\LinProj\LauncherDll\zlib.h(34,10): error C1083: ?⊥????瑼?: 'zconf.h': No such file or directory [c:\python_training\LauncherWPF381\LinProj\LauncherDll\LauncherDll.vcxproj]
  c:\python_training\LauncherWPF381\LinProj\LauncherDll\zlib.h(34,10): error C1083: ?⊥????瑼?: 'zconf.h': No such file or directory [c:\python_training\LauncherWPF381\LinProj\LauncherDll\LauncherDll.vcxproj]
  c:\python_training\LauncherWPF381\LinProj\LauncherDll\zlib.h(34,10): error C1083: ?⊥????瑼?: 'zconf.h': No such file or directory [c:\python_training\LauncherWPF381\LinProj\LauncherDll\LauncherDll.vcxproj]
  c:\python_training\LauncherWPF381\LinProj\LauncherDll\zlib.h(34,10): error C1083: ?⊥????瑼?: 'zconf.h': No such file or directory [c:\python_training\LauncherWPF381\LinProj\LauncherDll\LauncherDll.vcxproj]

    11 ?郎??
    6 ?隤?

蝬??? 00:00:02.05
