c:\python_training\linproject3.8\linproj\launcherdll\debug\launcherdll.pch
c:\python_training\linproject3.8\linproj\launcherdll\debug\vc143.pdb
c:\python_training\linproject3.8\linproj\launcherdll\debug\vc143.idb
c:\python_training\linproject3.8\linproj\launcherdll\debug\stdafx.obj
c:\python_training\linproject3.8\linproj\launcherdll\debug\launcherdll.obj
c:\python_training\linproject3.8\linproj\launcherdll\debug\helperdlg.obj
c:\python_training\linproject3.8\linproj\launcherdll\debug\sharememory.obj
c:\python_training\linproject3.8\linproj\launcherdll\debug\configenc.obj
c:\python_training\linproject3.8\linproj\launcherdll\debug\aes.obj
c:\python_training\linproject3.8\linproj\launcherdll\debug\encdec.obj
c:\python_training\linproject3.8\linproj\launcherdll\debug\dllmain.obj
c:\python_training\linproject3.8\linproj\debug\launcherdll.dll
c:\python_training\linproject3.8\linproj\debug\launcherdll.pdb
c:\python_training\linproject3.8\linproj\launcherdll\debug\launcherdll.res
c:\python_training\linproject3.8\linproj\debug\launcherdll.lib
c:\python_training\linproject3.8\linproj\debug\launcherdll.exp
c:\python_training\linproject3.8\linproj\launcherdll\debug\launcherdll.ilk
c:\python_training\linproject3.8\linproj\launcherdll\debug\launcherdll.tlog\cl.command.1.tlog
c:\python_training\linproject3.8\linproj\launcherdll\debug\launcherdll.tlog\cl.items.tlog
c:\python_training\linproject3.8\linproj\launcherdll\debug\launcherdll.tlog\cl.read.1.tlog
c:\python_training\linproject3.8\linproj\launcherdll\debug\launcherdll.tlog\cl.write.1.tlog
c:\python_training\linproject3.8\linproj\launcherdll\debug\launcherdll.tlog\link.command.1.tlog
c:\python_training\linproject3.8\linproj\launcherdll\debug\launcherdll.tlog\link.read.1.tlog
c:\python_training\linproject3.8\linproj\launcherdll\debug\launcherdll.tlog\link.secondary.1.tlog
c:\python_training\linproject3.8\linproj\launcherdll\debug\launcherdll.tlog\link.write.1.tlog
c:\python_training\linproject3.8\linproj\launcherdll\debug\launcherdll.tlog\rc.command.1.tlog
c:\python_training\linproject3.8\linproj\launcherdll\debug\launcherdll.tlog\rc.read.1.tlog
c:\python_training\linproject3.8\linproj\launcherdll\debug\launcherdll.tlog\rc.write.1.tlog
